src/components/Board/Tile.tsx(11,56): error TS6133: 'level' is declared but its value is never read.
src/components/HUD/HeadlineModal.tsx(1,1): error TS6133: 'React' is declared but its value is never read.
